2026-02-25 09:53:38 - Backup started
2026-02-25 09:53:38 - Backup created: Github-Pro_20260225_095338.zip
2026-02-25 09:53:45 - Uploaded daily backup to Google Drive
2026-02-25 09:53:45 - Applying retention policy
2026-02-25 10:18:21 - Backup started
2026-02-25 10:18:21 - Backup created: Github-Pro_20260225_101821.zip
2026-02-25 10:18:28 - Uploaded daily backup to Google Drive
2026-02-25 10:18:28 - Applying retention policy
2026-02-25 10:18:28 - Old backups cleaned
2026-02-25 10:20:03 - Backup started
2026-02-25 10:20:03 - Backup created: Github-Pro_20260225_102003.zip
2026-02-25 10:20:06 - Uploaded daily backup to Google Drive
2026-02-25 10:20:06 - Applying retention policy
2026-02-25 10:20:06 - Old backups cleaned
2026-02-25 10:24:15 - Backup started
2026-02-25 10:24:15 - Backup created: Github-Pro_20260225_102415.zip
2026-02-25 10:24:19 - Uploaded daily backup to Google Drive
2026-02-25 10:24:19 - Applying retention policy
2026-02-25 10:24:19 - Old backups cleaned
2026-02-25 10:24:19 - Webhook notification sent
2026-02-25 10:24:19 - Backup completed successfully
