[Wed Feb 25 08:35:15 UTC 2026] Created backup: Github-Pro_20260225_083515.zip
[Wed Feb 25 08:35:18 UTC 2026] Upload successful
[Wed Feb 25 08:35:18 UTC 2026] Daily retention cleanup done
[Wed Feb 25 08:35:18 UTC 2026] Weekly retention cleanup done
[Wed Feb 25 08:35:18 UTC 2026] Monthly retention cleanup done
[Wed Feb 25 08:35:18 UTC 2026] Notification sent
[Wed Feb 25 08:35:19 UTC 2026] Backup completed successfully
[Wed Feb 25 09:13:54 UTC 2026] Created backup: Github-Pro_20260225_091354.zip
[Wed Feb 25 09:13:56 UTC 2026] Upload successful
[Wed Feb 25 09:13:56 UTC 2026] Daily retention cleanup done
[Wed Feb 25 09:13:56 UTC 2026] Weekly retention cleanup done
[Wed Feb 25 09:13:56 UTC 2026] Monthly retention cleanup done
[Wed Feb 25 09:13:56 UTC 2026] Notification sent
[Wed Feb 25 09:13:56 UTC 2026] Backup completed successfully
[Wed Feb 25 09:16:37 UTC 2026] Created backup: Github-Pro_20260225_091637.zip
[Wed Feb 25 09:16:44 UTC 2026] Upload successful
[Wed Feb 25 09:16:44 UTC 2026] Daily retention cleanup done
[Wed Feb 25 09:16:44 UTC 2026] Weekly retention cleanup done
[Wed Feb 25 09:16:44 UTC 2026] Monthly retention cleanup done
[Wed Feb 25 09:16:44 UTC 2026] Notification sent
[Wed Feb 25 09:16:44 UTC 2026] Backup completed successfully
